W0319 21:44:28.410000 108876 torch/distributed/run.py:803]
W0319 21:44:28.410000 108876 torch/distributed/run.py:803] *****************************************
W0319 21:44:28.410000 108876 torch/distributed/run.py:803] Setting OMP_NUM_THREADS environment variable for each process to be 1 in default, to avoid your system being overloaded, please further tune the variable for optimal performance in your application as needed.
W0319 21:44:28.410000 108876 torch/distributed/run.py:803] *****************************************
logs/bitnet_12x768_mlp3x_8xh100.txt
val_bpb:enabled tokenizer_kind=sentencepiece tokenizer_path=./data/tokenizers/fineweb_1024_bpe.model
train_loader:dataset:fineweb10B_sp1024 train_shards:80
val_loader:shards pattern=./data/datasets/fineweb10B_sp1024/fineweb_val_*.bin tokens:62021632
model_params:64529040
world_size:8 grad_accum_steps:1
sdp_backends:cudnn=False flash=True mem_efficient=False math=False
attention_mode:gqa num_heads:12 num_kv_heads:6
tie_embeddings:True embed_lr:0.03 head_lr:0.0 matrix_lr:0.04 scalar_lr:0.04
train_batch_tokens:524288 train_seq_len:2048 iterations:20000 warmup_steps:20 max_wallclock_seconds:600.000
seed:1337
warmup_step:1/20
warmup_step:2/20
warmup_step:3/20
warmup_step:4/20
warmup_step:5/20
warmup_step:6/20
warmup_step:7/20
warmup_step:8/20
warmup_step:9/20
warmup_step:10/20
warmup_step:11/20
warmup_step:12/20
warmup_step:13/20
warmup_step:14/20
warmup_step:15/20
warmup_step:16/20
warmup_step:17/20
warmup_step:18/20
warmup_step:19/20
warmup_step:20/20
step:0/20000 val_loss:6.9656 val_bpb:4.1254 train_time:1ms step_avg:1.14ms
step:1/20000 train_loss:6.9655 train_time:93ms step_avg:93.02ms
step:2/20000 train_loss:6.9701 train_time:205ms step_avg:102.44ms
step:3/20000 train_loss:6.8558 train_time:338ms step_avg:112.83ms
step:4/20000 train_loss:6.6123 train_time:473ms step_avg:118.14ms
step:5/20000 train_loss:6.2247 train_time:607ms step_avg:121.44ms
step:6/20000 train_loss:5.9914 train_time:740ms step_avg:123.34ms
step:7/20000 train_loss:5.7134 train_time:875ms step_avg:124.95ms
step:8/20000 train_loss:5.7021 train_time:1009ms step_avg:126.07ms
step:9/20000 train_loss:5.6503 train_time:1143ms step_avg:127.00ms
step:10/20000 train_loss:5.5641 train_time:1276ms step_avg:127.60ms
step:50/20000 train_loss:4.4531 train_time:6289ms step_avg:125.78ms
step:100/20000 train_loss:3.4568 train_time:12555ms step_avg:125.55ms
step:150/20000 train_loss:3.0441 train_time:18834ms step_avg:125.56ms
step:200/20000 train_loss:2.8120 train_time:25224ms step_avg:126.12ms
step:250/20000 train_loss:2.7093 train_time:31511ms step_avg:126.04ms
step:300/20000 train_loss:2.4286 train_time:37804ms step_avg:126.01ms
step:350/20000 train_loss:2.6230 train_time:44095ms step_avg:125.99ms
step:400/20000 train_loss:2.3156 train_time:50486ms step_avg:126.21ms
step:450/20000 train_loss:2.4498 train_time:56783ms step_avg:126.18ms
step:500/20000 train_loss:2.4548 train_time:63088ms step_avg:126.18ms
step:500/20000 val_loss:2.4531 val_bpb:1.4529 train_time:63156ms step_avg:126.31ms
step:550/20000 train_loss:2.3628 train_time:69388ms step_avg:126.16ms
step:600/20000 train_loss:2.5063 train_time:75787ms step_avg:126.31ms
step:650/20000 train_loss:2.3440 train_time:82082ms step_avg:126.28ms
step:700/20000 train_loss:2.4051 train_time:88379ms step_avg:126.26ms
step:750/20000 train_loss:2.2381 train_time:94671ms step_avg:126.23ms
step:800/20000 train_loss:2.2565 train_time:101065ms step_avg:126.33ms
step:850/20000 train_loss:2.6810 train_time:107363ms step_avg:126.31ms
step:900/20000 train_loss:2.3086 train_time:113666ms step_avg:126.30ms
step:950/20000 train_loss:2.3479 train_time:119963ms step_avg:126.28ms
step:1000/20000 train_loss:2.3394 train_time:126352ms step_avg:126.35ms
step:1000/20000 val_loss:2.2997 val_bpb:1.3620 train_time:126419ms step_avg:126.42ms
step:1050/20000 train_loss:2.4572 train_time:132650ms step_avg:126.33ms
step:1100/20000 train_loss:2.2187 train_time:138946ms step_avg:126.31ms
step:1150/20000 train_loss:2.2150 train_time:145364ms step_avg:126.40ms
step:1200/20000 train_loss:2.3649 train_time:151669ms step_avg:126.39ms
step:1250/20000 train_loss:2.1834 train_time:157972ms step_avg:126.38ms
step:1300/20000 train_loss:2.3360 train_time:164271ms step_avg:126.36ms
step:1350/20000 train_loss:2.2417 train_time:170655ms step_avg:126.41ms
step:1400/20000 train_loss:2.3917 train_time:176959ms step_avg:126.40ms
step:1450/20000 train_loss:2.2165 train_time:183252ms step_avg:126.38ms
step:1500/20000 train_loss:2.2071 train_time:189548ms step_avg:126.37ms
step:1500/20000 val_loss:2.2458 val_bpb:1.3301 train_time:189615ms step_avg:126.41ms
step:1550/20000 train_loss:2.1346 train_time:195941ms step_avg:126.41ms
step:1600/20000 train_loss:2.0650 train_time:202234ms step_avg:126.40ms
step:1650/20000 train_loss:2.2117 train_time:208523ms step_avg:126.38ms
step:1700/20000 train_loss:2.1451 train_time:214810ms step_avg:126.36ms
step:1750/20000 train_loss:2.2227 train_time:221198ms step_avg:126.40ms
step:1800/20000 train_loss:2.1838 train_time:227498ms step_avg:126.39ms
step:1850/20000 train_loss:2.2831 train_time:233790ms step_avg:126.37ms
step:1900/20000 train_loss:2.1673 train_time:240076ms step_avg:126.36ms
step:1950/20000 train_loss:2.1768 train_time:246456ms step_avg:126.39ms
step:2000/20000 train_loss:2.2163 train_time:252758ms step_avg:126.38ms
step:2000/20000 val_loss:2.2021 val_bpb:1.3042 train_time:252824ms step_avg:126.41ms
step:2050/20000 train_loss:2.2202 train_time:259055ms step_avg:126.37ms
step:2100/20000 train_loss:2.2323 train_time:265455ms step_avg:126.41ms
step:2150/20000 train_loss:2.1434 train_time:271746ms step_avg:126.39ms
step:2200/20000 train_loss:2.0394 train_time:278045ms step_avg:126.38ms
step:2250/20000 train_loss:2.1282 train_time:284349ms step_avg:126.38ms
step:2300/20000 train_loss:2.3322 train_time:290754ms step_avg:126.41ms
step:2350/20000 train_loss:2.1499 train_time:297053ms step_avg:126.41ms
step:2400/20000 train_loss:2.1561 train_time:303357ms step_avg:126.40ms
step:2450/20000 train_loss:2.1622 train_time:309661ms step_avg:126.39ms
step:2500/20000 train_loss:2.0879 train_time:316064ms step_avg:126.43ms
step:2500/20000 val_loss:2.1650 val_bpb:1.2823 train_time:316132ms step_avg:126.45ms
step:2550/20000 train_loss:2.0877 train_time:322360ms step_avg:126.42ms
step:2600/20000 train_loss:2.3709 train_time:328653ms step_avg:126.41ms
step:2650/20000 train_loss:2.1867 train_time:334936ms step_avg:126.39ms
step:2700/20000 train_loss:2.1073 train_time:341314ms step_avg:126.41ms
step:2750/20000 train_loss:2.3142 train_time:347605ms step_avg:126.40ms
step:2800/20000 train_loss:2.1894 train_time:353894ms step_avg:126.39ms
step:2850/20000 train_loss:2.1359 train_time:360186ms step_avg:126.38ms
step:2900/20000 train_loss:2.1316 train_time:366573ms step_avg:126.40ms
step:2950/20000 train_loss:2.1802 train_time:372859ms step_avg:126.39ms
step:3000/20000 train_loss:2.1778 train_time:379151ms step_avg:126.38ms
step:3000/20000 val_loss:2.1419 val_bpb:1.2685 train_time:379218ms step_avg:126.41ms
step:3050/20000 train_loss:2.1045 train_time:385444ms step_avg:126.38ms
step:3100/20000 train_loss:2.1449 train_time:391834ms step_avg:126.40ms
step:3150/20000 train_loss:2.1115 train_time:398128ms step_avg:126.39ms
step:3200/20000 train_loss:2.1370 train_time:404418ms step_avg:126.38ms
step:3250/20000 train_loss:2.0375 train_time:410808ms step_avg:126.40ms
step:3300/20000 train_loss:2.1804 train_time:417091ms step_avg:126.39ms
step:3350/20000 train_loss:2.0373 train_time:423378ms step_avg:126.38ms
step:3400/20000 train_loss:2.1105 train_time:429671ms step_avg:126.37ms
step:3450/20000 train_loss:2.0391 train_time:436077ms step_avg:126.40ms
step:3500/20000 train_loss:2.1939 train_time:442366ms step_avg:126.39ms
step:3500/20000 val_loss:2.1249 val_bpb:1.2585 train_time:442434ms step_avg:126.41ms
step:3550/20000 train_loss:2.3363 train_time:448656ms step_avg:126.38ms
step:3600/20000 train_loss:2.0493 train_time:454938ms step_avg:126.37ms
step:3650/20000 train_loss:2.1500 train_time:461325ms step_avg:126.39ms
step:3700/20000 train_loss:2.0724 train_time:467615ms step_avg:126.38ms
step:3750/20000 train_loss:2.0822 train_time:473902ms step_avg:126.37ms
step:3800/20000 train_loss:2.1408 train_time:480193ms step_avg:126.37ms
step:3850/20000 train_loss:2.0977 train_time:486584ms step_avg:126.39ms
step:3900/20000 train_loss:1.9100 train_time:492877ms step_avg:126.38ms
step:3950/20000 train_loss:2.0529 train_time:499170ms step_avg:126.37ms
step:4000/20000 train_loss:2.0966 train_time:505467ms step_avg:126.37ms
step:4000/20000 val_loss:2.0853 val_bpb:1.2350 train_time:505533ms step_avg:126.38ms
step:4050/20000 train_loss:2.0172 train_time:511857ms step_avg:126.38ms
step:4100/20000 train_loss:2.0946 train_time:518146ms step_avg:126.38ms
step:4150/20000 train_loss:2.2301 train_time:524428ms step_avg:126.37ms
step:4200/20000 train_loss:2.0702 train_time:530813ms step_avg:126.38ms
step:4250/20000 train_loss:2.0163 train_time:537104ms step_avg:126.38ms
step:4300/20000 train_loss:1.9050 train_time:543402ms step_avg:126.37ms
step:4350/20000 train_loss:2.0985 train_time:549689ms step_avg:126.37ms
step:4400/20000 train_loss:1.9857 train_time:556073ms step_avg:126.38ms
step:4450/20000 train_loss:1.9425 train_time:562368ms step_avg:126.37ms
step:4500/20000 train_loss:2.1371 train_time:568658ms step_avg:126.37ms
step:4500/20000 val_loss:2.0340 val_bpb:1.2046 train_time:568723ms step_avg:126.38ms
step:4550/20000 train_loss:1.9178 train_time:574942ms step_avg:126.36ms
step:4600/20000 train_loss:1.8492 train_time:581362ms step_avg:126.38ms
step:4650/20000 train_loss:1.9490 train_time:587670ms step_avg:126.38ms
step:4700/20000 train_loss:2.1457 train_time:593967ms step_avg:126.38ms
step:4748/20000 val_loss:2.0309 val_bpb:1.2028 train_time:600069ms step_avg:126.38ms
stopping_early: wallclock_cap train_time:600069ms step:4748/20000
peak memory allocated: 22357 MiB reserved: 22740 MiB
Code size: 53560 bytes
Ternary artifact: 15054384 bytes (lzma) = 15.05MB
  lzma: 15054384 bytes = 15.05MB
  zlib: 17567674 bytes = 17.57MB
  zstd: 17125431 bytes = 17.13MB
  code: 53560 bytes
Total submission size: 15107944 bytes = 15.11MB
final_ternary_roundtrip val_loss:2.1150 val_bpb:1.2526 eval_time:4416ms
final_ternary_roundtrip_exact val_loss:2.11495664 val_bpb:1.25259645
root@58c25314465c:/workspace/parameter-golf# git pull && bash run_8xh100.sh
remote: Enumerating objects: 5, done.
remote: Counting objects: 100% (5/5), done.
remote: Compressing objects: 100% (1/1), done.
remote: Total 3 (delta 2), reused 3 (delta 2), pack-reused 0 (from 0)
Unpacking objects: 100% (3/3), 517 bytes | 4.00 KiB/s, done.
From https://github.com/ksang123/parameter-golf
   9fb748e..c3e0d70  main       -> origin/main
Updating 9fb748e..c3e0d70
Fast-forward
 train_bitnet.py | 10 +++++++++-
 1 file changed, 9 insertions(+), 1 deletion(-)
W0319 22:04:08.662000 141314 torch/distributed/run.py:803]
W0319 22:04:08.662000 141314 torch/distributed/run.py:803] *****************************************
W0319 22:04:08.662000 141314 torch/distributed/run.py:803] Setting OMP_NUM_THREADS environment variable for each process to be 1 in default, to avoid your system being overloaded, please further tune the variable for optimal performance in your application as needed.
W0319 22:04:08.662000 141314 torch/distributed/run.py:803] *****************************************
logs/bitnet_12x768_mlp3x_8xh100.txt
val_bpb:enabled tokenizer_kind=sentencepiece tokenizer_path=./data/tokenizers/fineweb_1024_bpe.model
train_loader:dataset:fineweb10B_sp1024 train_shards:80
val_loader:shards pattern=./data/datasets/fineweb10B_sp1024/fineweb_val_*.bin tokens:62021632
model_params:64529040
world_size:8 grad_accum_steps:1
sdp_backends:cudnn=False flash=True mem_efficient=False math=False
attention_mode:gqa num_heads:12 num_kv_heads:6
tie_embeddings:True embed_lr:0.03 head_lr:0.0 matrix_lr:0.04 scalar_lr:0.04
train_batch_tokens:524288 train_seq_len:2048 iterations:20000 warmup_steps:20 max_wallclock_seconds:600.000
seed:1337
warmup_step:1/20
warmup_step:2/20
warmup_step:3/20
warmup_step:4/20
warmup_step:5/20
warmup_step:6/20
warmup_step:7/20
warmup_step:8/20
warmup_step:9/20
warmup_step:10/20
warmup_step:11/20
warmup_step:12/20
warmup_step:13/20
warmup_step:14/20
warmup_step:15/20
warmup_step:16/20
warmup_step:17/20
warmup_step:18/20
warmup_step:19/20
warmup_step:20/20
step:0/20000 val_loss:6.9656 val_bpb:4.1254 train_time:0ms step_avg:0.04ms
step:1/20000 train_loss:6.9655 train_time:93ms step_avg:92.90ms
step:2/20000 train_loss:6.9701 train_time:210ms step_avg:105.24ms
step:3/20000 train_loss:6.8558 train_time:343ms step_avg:114.34ms
step:4/20000 train_loss:6.6123 train_time:479ms step_avg:119.86ms
step:5/20000 train_loss:6.2247 train_time:613ms step_avg:122.64ms
step:6/20000 train_loss:5.9914 train_time:746ms step_avg:124.36ms
step:7/20000 train_loss:5.7134 train_time:878ms step_avg:125.46ms
step:8/20000 train_loss:5.7020 train_time:1013ms step_avg:126.63ms
step:9/20000 train_loss:5.6503 train_time:1147ms step_avg:127.49ms
step:10/20000 train_loss:5.5641 train_time:1281ms step_avg:128.11ms
step:50/20000 train_loss:4.4387 train_time:6286ms step_avg:125.72ms
step:100/20000 train_loss:3.4780 train_time:12561ms step_avg:125.61ms
step:150/20000 train_loss:3.0365 train_time:18837ms step_avg:125.58ms
step:200/20000 train_loss:2.8215 train_time:25224ms step_avg:126.12ms
step:250/20000 train_loss:2.7101 train_time:31496ms step_avg:125.98ms
step:300/20000 train_loss:2.4252 train_time:37785ms step_avg:125.95ms
step:350/20000 train_loss:2.6244 train_time:44076ms step_avg:125.93ms
step:400/20000 train_loss:2.3059 train_time:50465ms step_avg:126.16ms
step:450/20000 train_loss:2.4578 train_time:56758ms step_avg:126.13ms
step:500/20000 train_loss:2.4510 train_time:63049ms step_avg:126.10ms
step:500/20000 val_loss:2.4438 val_bpb:1.4474 train_time:63117ms step_avg:126.23ms
step:550/20000 train_loss:2.3515 train_time:69347ms step_avg:126.08ms
step:600/20000 train_loss:2.4954 train_time:75750ms step_avg:126.25ms
step:650/20000 train_loss:2.3402 train_time:82039ms step_avg:126.21ms
step:700/20000 train_loss:2.3934 train_time:88335ms step_avg:126.19ms
step:750/20000 train_loss:2.2277 train_time:94637ms step_avg:126.18ms
step:800/20000 train_loss:2.2456 train_time:101039ms step_avg:126.30ms
step:850/20000 train_loss:2.6662 train_time:107345ms step_avg:126.29ms
step:900/20000 train_loss:2.2992 train_time:113651ms step_avg:126.28ms
step:950/20000 train_loss:2.3473 train_time:119957ms step_avg:126.27ms
step:1000/20000 train_loss:2.3376 train_time:126369ms step_avg:126.37ms
step:1000/20000 val_loss:2.2907 val_bpb:1.3567 train_time:126436ms step_avg:126.44ms
step:1050/20000 train_loss:2.4498 train_time:132668ms step_avg:126.35ms
step:1100/20000 train_loss:2.2113 train_time:138964ms step_avg:126.33ms
step:1150/20000 train_loss:2.2090 train_time:145354ms step_avg:126.39ms
step:1200/20000 train_loss:2.3619 train_time:152505ms step_avg:127.09ms
step:1250/20000 train_loss:2.1745 train_time:159407ms step_avg:127.53ms
step:1300/20000 train_loss:2.3343 train_time:165705ms step_avg:127.47ms
step:1350/20000 train_loss:2.2280 train_time:172100ms step_avg:127.48ms
step:1400/20000 train_loss:2.3885 train_time:178405ms step_avg:127.43ms
step:1450/20000 train_loss:2.2097 train_time:184730ms step_avg:127.40ms
step:1500/20000 train_loss:2.2067 train_time:191712ms step_avg:127.81ms
step:1500/20000 val_loss:2.2411 val_bpb:1.3273 train_time:191780ms step_avg:127.85ms
step:1550/20000 train_loss:2.1273 train_time:198116ms step_avg:127.82ms
step:1600/20000 train_loss:2.0603 train_time:204416ms step_avg:127.76ms
step:1650/20000 train_loss:2.2134 train_time:210722ms step_avg:127.71ms
step:1700/20000 train_loss:2.1385 train_time:217036ms step_avg:127.67ms
step:1750/20000 train_loss:2.2145 train_time:223455ms step_avg:127.69ms
step:1800/20000 train_loss:2.1776 train_time:229770ms step_avg:127.65ms
step:1850/20000 train_loss:2.2778 train_time:236081ms step_avg:127.61ms
step:1900/20000 train_loss:2.1639 train_time:242399ms step_avg:127.58ms
step:1950/20000 train_loss:2.1782 train_time:250831ms step_avg:128.63ms
step:2000/20000 train_loss:2.2134 train_time:257124ms step_avg:128.56ms
step:2000/20000 val_loss:2.1982 val_bpb:1.3019 train_time:257189ms step_avg:128.59ms
step:2050/20000 train_loss:2.2133 train_time:263426ms step_avg:128.50ms
step:2100/20000 train_loss:2.2265 train_time:269836ms step_avg:128.49ms
step:2150/20000 train_loss:2.1444 train_time:276144ms step_avg:128.44ms
step:2200/20000 train_loss:2.0327 train_time:282444ms step_avg:128.38ms
step:2250/20000 train_loss:2.1252 train_time:288751ms step_avg:128.33ms
step:2300/20000 train_loss:2.3228 train_time:295158ms step_avg:128.33ms
step:2350/20000 train_loss:2.1475 train_time:301462ms step_avg:128.28ms
step:2400/20000 train_loss:2.1570 train_time:307766ms step_avg:128.24ms
step:2450/20000 train_loss:2.1578 train_time:314064ms step_avg:128.19ms
step:2500/20000 train_loss:2.0877 train_time:320471ms step_avg:128.19ms
step:2500/20000 val_loss:2.1611 val_bpb:1.2799 train_time:320537ms step_avg:128.21ms
step:2550/20000 train_loss:2.0834 train_time:326780ms step_avg:128.15ms
step:2600/20000 train_loss:2.3750 train_time:333092ms step_avg:128.11ms
step:2650/20000 train_loss:2.1802 train_time:339391ms step_avg:128.07ms
step:2700/20000 train_loss:2.1005 train_time:345780ms step_avg:128.07ms
step:2750/20000 train_loss:2.3110 train_time:352081ms step_avg:128.03ms
step:2800/20000 train_loss:2.1872 train_time:358376ms step_avg:127.99ms
step:2850/20000 train_loss:2.1358 train_time:364674ms step_avg:127.96ms
step:2900/20000 train_loss:2.1310 train_time:371067ms step_avg:127.95ms
step:2950/20000 train_loss:2.1755 train_time:377363ms step_avg:127.92ms
step:3000/20000 train_loss:2.1738 train_time:383652ms step_avg:127.88ms
step:3000/20000 val_loss:2.1377 val_bpb:1.2661 train_time:383724ms step_avg:127.91ms
step:3050/20000 train_loss:2.1035 train_time:389945ms step_avg:127.85ms
step:3100/20000 train_loss:2.1408 train_time:396328ms step_avg:127.85ms
step:3150/20000 train_loss:2.1166 train_time:402618ms step_avg:127.82ms
step:3200/20000 train_loss:2.1341 train_time:408903ms step_avg:127.78ms
step:3250/20000 train_loss:2.0360 train_time:415292ms step_avg:127.78ms
step:3300/20000 train_loss:2.1804 train_time:421585ms step_avg:127.75ms
step:3350/20000 train_loss:2.0332 train_time:427875ms step_avg:127.72ms
step:3400/20000 train_loss:2.1038 train_time:434162ms step_avg:127.69ms
step:3450/20000 train_loss:2.0322 train_time:440542ms step_avg:127.69ms
step:3500/20000 train_loss:2.1927 train_time:446828ms step_avg:127.67ms
step:3500/20000 val_loss:2.1216 val_bpb:1.2566 train_time:446898ms step_avg:127.69ms
step:3550/20000 train_loss:2.3345 train_time:453126ms step_avg:127.64ms
step:3600/20000 train_loss:2.0442 train_time:459413ms step_avg:127.61ms
step:3650/20000 train_loss:2.1435 train_time:465789ms step_avg:127.61ms
step:3700/20000 train_loss:2.0649 train_time:472082ms step_avg:127.59ms
step:3750/20000 train_loss:2.0749 train_time:478365ms step_avg:127.56ms
step:3800/20000 train_loss:2.1327 train_time:484653ms step_avg:127.54ms
step:3850/20000 train_loss:2.0929 train_time:491047ms step_avg:127.54ms
step:3900/20000 train_loss:1.9060 train_time:497347ms step_avg:127.52ms
step:3950/20000 train_loss:2.0444 train_time:503642ms step_avg:127.50ms
step:4000/20000 train_loss:2.0870 train_time:509934ms step_avg:127.48ms
step:4000/20000 val_loss:2.0785 val_bpb:1.2310 train_time:510000ms step_avg:127.50ms
step:4050/20000 train_loss:2.0055 train_time:516329ms step_avg:127.49ms
step:4100/20000 train_loss:2.0866 train_time:522613ms step_avg:127.47ms
step:4150/20000 train_loss:2.2170 train_time:528899ms step_avg:127.45ms
step:4200/20000 train_loss:2.0628 train_time:535289ms step_avg:127.45ms
step:4250/20000 train_loss:2.0106 train_time:541576ms step_avg:127.43ms
step:4300/20000 train_loss:1.9043 train_time:547876ms step_avg:127.41ms
step:4350/20000 train_loss:2.0912 train_time:554167ms step_avg:127.39ms
step:4400/20000 train_loss:1.9780 train_time:560543ms step_avg:127.40ms
step:4450/20000 train_loss:1.9450 train_time:566831ms step_avg:127.38ms
step:4500/20000 train_loss:2.1330 train_time:573122ms step_avg:127.36ms
step:4500/20000 val_loss:2.0306 val_bpb:1.2026 train_time:573186ms step_avg:127.37ms
step:4550/20000 train_loss:1.9162 train_time:579403ms step_avg:127.34ms
step:4600/20000 train_loss:1.8466 train_time:585779ms step_avg:127.34ms
step:4650/20000 train_loss:1.9470 train_time:592062ms step_avg:127.33ms
step:4700/20000 train_loss:2.1416 train_time:598350ms step_avg:127.31ms
step:4713/20000 val_loss:2.0284 val_bpb:1.2013 train_time:600041ms step_avg:127.32ms
stopping_early: wallclock_cap train_time:600041ms step:4713/20000
peak memory allocated: 22355 MiB reserved: 22816 MiB
Code size: 53888 bytes
Ternary artifact: 15057568 bytes (lzma) = 15.06MB
  lzma: 15057568 bytes = 15.06MB
  zlib: 17573053 bytes = 17.57MB
  zstd: 17004297 bytes = 17.00MB
  code: 53888 bytes
Total submission size: 15111456 bytes = 15.11MB
final_ternary_roundtrip val_loss:2.0310 val_bpb:1.2029 eval_time:64360ms
final_ternary_roundtrip_exact val_loss:2.03099029 val_bpb:1.20286685